// Jest Snapshot v1, https://goo.gl/fbAQLP

exports[`Login Component renders correctly 1`] = `
ShallowWrapper {
  Symbol(enzyme.__root__): [Circular],
  Symbol(enzyme.__unrendered__): <SeatType />,
  Symbol(enzyme.__renderer__): Object {
    "batchedUpdates": [Function],
    "checkPropTypes": [Function],
    "getNode": [Function],
    "render": [Function],
    "simulateError": [Function],
    "simulateEvent": [Function],
    "unmount": [Function],
  },
  Symbol(enzyme.__node__): Object {
    "instance": null,
    "key": undefined,
    "nodeType": "host",
    "props": Object {
      "children": Array [
        <div
          className="col"
          style={
                    Object {
                              "display": "none",
                            }
          }
>
          <button
                    className="btn btn-link"
                    disabled={true}
          >
                    <i
                              className="fas fa-couch"
                              style={
                                        Object {
                                                  "color": "#B3B6B7",
                                                  "fontSize": "20px",
                                                  "marginLeft": "-10px",
                                                }
                              }
                    />
          </button>
          <label>
                    Available
          </label>
</div>,
        <div
          className="col"
          style={
                    Object {
                              "display": "none",
                            }
          }
>
          <button
                    className="btn btn-link"
                    disabled={true}
          >
                    <i
                              className="fas fa-couch"
                              style={
                                        Object {
                                                  "color": "red",
                                                  "fontSize": "20px",
                                                }
                              }
                    />
          </button>
          <label>
                    Booked
          </label>
</div>,
        <div
          className="w-100"
/>,
        <div
          className="col"
          style={
                    Object {
                              "display": "none",
                            }
          }
>
          <button
                    className="btn btn-link"
                    disabled={true}
          >
                    <i
                              className="fas fa-couch"
                              style={
                                        Object {
                                                  "color": "blue",
                                                  "fontSize": "20px",
                                                  "marginLeft": "-10px",
                                                }
                              }
                    />
          </button>
          <label>
                    WheelChair
          </label>
</div>,
        <div
          className="col"
          style={
                    Object {
                              "display": "none",
                            }
          }
>
          <button
                    className="btn btn-link"
                    disabled={true}
          >
                    <i
                              className="fas fa-couch"
                              style={
                                        Object {
                                                  "color": "orange",
                                                  "fontSize": "20px",
                                                }
                              }
                    />
          </button>
          <label>
                    Infant
          </label>
</div>,
        <div
          className="col"
          style={
                    Object {
                              "display": "",
                            }
          }
>
          <button
                    className="btn btn-link"
                    disabled={true}
          >
                    <i
                              className="fas fa-couch"
                              style={
                                        Object {
                                                  "color": "brown",
                                                  "fontSize": "20px",
                                                }
                              }
                    />
          </button>
          <label>
                    Meals
          </label>
</div>,
      ],
      "className": "row",
      "style": Object {
        "marginTop": "3px",
        "position": "fixed",
        "width": "310px",
      },
    },
    "ref": null,
    "rendered": Array [
      Object {
        "instance": null,
        "key": undefined,
        "nodeType": "host",
        "props": Object {
          "children": Array [
            <button
              className="btn btn-link"
              disabled={true}
>
              <i
                            className="fas fa-couch"
                            style={
                                          Object {
                                                        "color": "#B3B6B7",
                                                        "fontSize": "20px",
                                                        "marginLeft": "-10px",
                                                      }
                            }
              />
</button>,
            <label>
              Available
</label>,
          ],
          "className": "col",
          "style": Object {
            "display": "none",
          },
        },
        "ref": null,
        "rendered": Array [
          Object {
            "instance": null,
            "key": undefined,
            "nodeType": "host",
            "props": Object {
              "children": <i
                className="fas fa-couch"
                style={
                                Object {
                                                "color": "#B3B6B7",
                                                "fontSize": "20px",
                                                "marginLeft": "-10px",
                                              }
                }
/>,
              "className": "btn btn-link",
              "disabled": true,
            },
            "ref": null,
            "rendered": Object {
              "instance": null,
              "key": undefined,
              "nodeType": "host",
              "props": Object {
                "className": "fas fa-couch",
                "style": Object {
                  "color": "#B3B6B7",
                  "fontSize": "20px",
                  "marginLeft": "-10px",
                },
              },
              "ref": null,
              "rendered": null,
              "type": "i",
            },
            "type": "button",
          },
          Object {
            "instance": null,
            "key": undefined,
            "nodeType": "host",
            "props": Object {
              "children": "Available",
            },
            "ref": null,
            "rendered": "Available",
            "type": "label",
          },
        ],
        "type": "div",
      },
      Object {
        "instance": null,
        "key": undefined,
        "nodeType": "host",
        "props": Object {
          "children": Array [
            <button
              className="btn btn-link"
              disabled={true}
>
              <i
                            className="fas fa-couch"
                            style={
                                          Object {
                                                        "color": "red",
                                                        "fontSize": "20px",
                                                      }
                            }
              />
</button>,
            <label>
              Booked
</label>,
          ],
          "className": "col",
          "style": Object {
            "display": "none",
          },
        },
        "ref": null,
        "rendered": Array [
          Object {
            "instance": null,
            "key": undefined,
            "nodeType": "host",
            "props": Object {
              "children": <i
                className="fas fa-couch"
                style={
                                Object {
                                                "color": "red",
                                                "fontSize": "20px",
                                              }
                }
/>,
              "className": "btn btn-link",
              "disabled": true,
            },
            "ref": null,
            "rendered": Object {
              "instance": null,
              "key": undefined,
              "nodeType": "host",
              "props": Object {
                "className": "fas fa-couch",
                "style": Object {
                  "color": "red",
                  "fontSize": "20px",
                },
              },
              "ref": null,
              "rendered": null,
              "type": "i",
            },
            "type": "button",
          },
          Object {
            "instance": null,
            "key": undefined,
            "nodeType": "host",
            "props": Object {
              "children": "Booked",
            },
            "ref": null,
            "rendered": "Booked",
            "type": "label",
          },
        ],
        "type": "div",
      },
      Object {
        "instance": null,
        "key": undefined,
        "nodeType": "host",
        "props": Object {
          "className": "w-100",
        },
        "ref": null,
        "rendered": null,
        "type": "div",
      },
      Object {
        "instance": null,
        "key": undefined,
        "nodeType": "host",
        "props": Object {
          "children": Array [
            <button
              className="btn btn-link"
              disabled={true}
>
              <i
                            className="fas fa-couch"
                            style={
                                          Object {
                                                        "color": "blue",
                                                        "fontSize": "20px",
                                                        "marginLeft": "-10px",
                                                      }
                            }
              />
</button>,
            <label>
              WheelChair
</label>,
          ],
          "className": "col",
          "style": Object {
            "display": "none",
          },
        },
        "ref": null,
        "rendered": Array [
          Object {
            "instance": null,
            "key": undefined,
            "nodeType": "host",
            "props": Object {
              "children": <i
                className="fas fa-couch"
                style={
                                Object {
                                                "color": "blue",
                                                "fontSize": "20px",
                                                "marginLeft": "-10px",
                                              }
                }
/>,
              "className": "btn btn-link",
              "disabled": true,
            },
            "ref": null,
            "rendered": Object {
              "instance": null,
              "key": undefined,
              "nodeType": "host",
              "props": Object {
                "className": "fas fa-couch",
                "style": Object {
                  "color": "blue",
                  "fontSize": "20px",
                  "marginLeft": "-10px",
                },
              },
              "ref": null,
              "rendered": null,
              "type": "i",
            },
            "type": "button",
          },
          Object {
            "instance": null,
            "key": undefined,
            "nodeType": "host",
            "props": Object {
              "children": "WheelChair",
            },
            "ref": null,
            "rendered": "WheelChair",
            "type": "label",
          },
        ],
        "type": "div",
      },
      Object {
        "instance": null,
        "key": undefined,
        "nodeType": "host",
        "props": Object {
          "children": Array [
            <button
              className="btn btn-link"
              disabled={true}
>
              <i
                            className="fas fa-couch"
                            style={
                                          Object {
                                                        "color": "orange",
                                                        "fontSize": "20px",
                                                      }
                            }
              />
</button>,
            <label>
              Infant
</label>,
          ],
          "className": "col",
          "style": Object {
            "display": "none",
          },
        },
        "ref": null,
        "rendered": Array [
          Object {
            "instance": null,
            "key": undefined,
            "nodeType": "host",
            "props": Object {
              "children": <i
                className="fas fa-couch"
                style={
                                Object {
                                                "color": "orange",
                                                "fontSize": "20px",
                                              }
                }
/>,
              "className": "btn btn-link",
              "disabled": true,
            },
            "ref": null,
            "rendered": Object {
              "instance": null,
              "key": undefined,
              "nodeType": "host",
              "props": Object {
                "className": "fas fa-couch",
                "style": Object {
                  "color": "orange",
                  "fontSize": "20px",
                },
              },
              "ref": null,
              "rendered": null,
              "type": "i",
            },
            "type": "button",
          },
          Object {
            "instance": null,
            "key": undefined,
            "nodeType": "host",
            "props": Object {
              "children": "Infant",
            },
            "ref": null,
            "rendered": "Infant",
            "type": "label",
          },
        ],
        "type": "div",
      },
      Object {
        "instance": null,
        "key": undefined,
        "nodeType": "host",
        "props": Object {
          "children": Array [
            <button
              className="btn btn-link"
              disabled={true}
>
              <i
                            className="fas fa-couch"
                            style={
                                          Object {
                                                        "color": "brown",
                                                        "fontSize": "20px",
                                                      }
                            }
              />
</button>,
            <label>
              Meals
</label>,
          ],
          "className": "col",
          "style": Object {
            "display": "",
          },
        },
        "ref": null,
        "rendered": Array [
          Object {
            "instance": null,
            "key": undefined,
            "nodeType": "host",
            "props": Object {
              "children": <i
                className="fas fa-couch"
                style={
                                Object {
                                                "color": "brown",
                                                "fontSize": "20px",
                                              }
                }
/>,
              "className": "btn btn-link",
              "disabled": true,
            },
            "ref": null,
            "rendered": Object {
              "instance": null,
              "key": undefined,
              "nodeType": "host",
              "props": Object {
                "className": "fas fa-couch",
                "style": Object {
                  "color": "brown",
                  "fontSize": "20px",
                },
              },
              "ref": null,
              "rendered": null,
              "type": "i",
            },
            "type": "button",
          },
          Object {
            "instance": null,
            "key": undefined,
            "nodeType": "host",
            "props": Object {
              "children": "Meals",
            },
            "ref": null,
            "rendered": "Meals",
            "type": "label",
          },
        ],
        "type": "div",
      },
    ],
    "type": "div",
  },
  Symbol(enzyme.__nodes__): Array [
    Object {
      "instance": null,
      "key": undefined,
      "nodeType": "host",
      "props": Object {
        "children": Array [
          <div
            className="col"
            style={
                        Object {
                                    "display": "none",
                                  }
            }
>
            <button
                        className="btn btn-link"
                        disabled={true}
            >
                        <i
                                    className="fas fa-couch"
                                    style={
                                                Object {
                                                            "color": "#B3B6B7",
                                                            "fontSize": "20px",
                                                            "marginLeft": "-10px",
                                                          }
                                    }
                        />
            </button>
            <label>
                        Available
            </label>
</div>,
          <div
            className="col"
            style={
                        Object {
                                    "display": "none",
                                  }
            }
>
            <button
                        className="btn btn-link"
                        disabled={true}
            >
                        <i
                                    className="fas fa-couch"
                                    style={
                                                Object {
                                                            "color": "red",
                                                            "fontSize": "20px",
                                                          }
                                    }
                        />
            </button>
            <label>
                        Booked
            </label>
</div>,
          <div
            className="w-100"
/>,
          <div
            className="col"
            style={
                        Object {
                                    "display": "none",
                                  }
            }
>
            <button
                        className="btn btn-link"
                        disabled={true}
            >
                        <i
                                    className="fas fa-couch"
                                    style={
                                                Object {
                                                            "color": "blue",
                                                            "fontSize": "20px",
                                                            "marginLeft": "-10px",
                                                          }
                                    }
                        />
            </button>
            <label>
                        WheelChair
            </label>
</div>,
          <div
            className="col"
            style={
                        Object {
                                    "display": "none",
                                  }
            }
>
            <button
                        className="btn btn-link"
                        disabled={true}
            >
                        <i
                                    className="fas fa-couch"
                                    style={
                                                Object {
                                                            "color": "orange",
                                                            "fontSize": "20px",
                                                          }
                                    }
                        />
            </button>
            <label>
                        Infant
            </label>
</div>,
          <div
            className="col"
            style={
                        Object {
                                    "display": "",
                                  }
            }
>
            <button
                        className="btn btn-link"
                        disabled={true}
            >
                        <i
                                    className="fas fa-couch"
                                    style={
                                                Object {
                                                            "color": "brown",
                                                            "fontSize": "20px",
                                                          }
                                    }
                        />
            </button>
            <label>
                        Meals
            </label>
</div>,
        ],
        "className": "row",
        "style": Object {
          "marginTop": "3px",
          "position": "fixed",
          "width": "310px",
        },
      },
      "ref": null,
      "rendered": Array [
        Object {
          "instance": null,
          "key": undefined,
          "nodeType": "host",
          "props": Object {
            "children": Array [
              <button
                className="btn btn-link"
                disabled={true}
>
                <i
                                className="fas fa-couch"
                                style={
                                                Object {
                                                                "color": "#B3B6B7",
                                                                "fontSize": "20px",
                                                                "marginLeft": "-10px",
                                                              }
                                }
                />
</button>,
              <label>
                Available
</label>,
            ],
            "className": "col",
            "style": Object {
              "display": "none",
            },
          },
          "ref": null,
          "rendered": Array [
            Object {
              "instance": null,
              "key": undefined,
              "nodeType": "host",
              "props": Object {
                "children": <i
                  className="fas fa-couch"
                  style={
                                    Object {
                                                      "color": "#B3B6B7",
                                                      "fontSize": "20px",
                                                      "marginLeft": "-10px",
                                                    }
                  }
/>,
                "className": "btn btn-link",
                "disabled": true,
              },
              "ref": null,
              "rendered": Object {
                "instance": null,
                "key": undefined,
                "nodeType": "host",
                "props": Object {
                  "className": "fas fa-couch",
                  "style": Object {
                    "color": "#B3B6B7",
                    "fontSize": "20px",
                    "marginLeft": "-10px",
                  },
                },
                "ref": null,
                "rendered": null,
                "type": "i",
              },
              "type": "button",
            },
            Object {
              "instance": null,
              "key": undefined,
              "nodeType": "host",
              "props": Object {
                "children": "Available",
              },
              "ref": null,
              "rendered": "Available",
              "type": "label",
            },
          ],
          "type": "div",
        },
        Object {
          "instance": null,
          "key": undefined,
          "nodeType": "host",
          "props": Object {
            "children": Array [
              <button
                className="btn btn-link"
                disabled={true}
>
                <i
                                className="fas fa-couch"
                                style={
                                                Object {
                                                                "color": "red",
                                                                "fontSize": "20px",
                                                              }
                                }
                />
</button>,
              <label>
                Booked
</label>,
            ],
            "className": "col",
            "style": Object {
              "display": "none",
            },
          },
          "ref": null,
          "rendered": Array [
            Object {
              "instance": null,
              "key": undefined,
              "nodeType": "host",
              "props": Object {
                "children": <i
                  className="fas fa-couch"
                  style={
                                    Object {
                                                      "color": "red",
                                                      "fontSize": "20px",
                                                    }
                  }
/>,
                "className": "btn btn-link",
                "disabled": true,
              },
              "ref": null,
              "rendered": Object {
                "instance": null,
                "key": undefined,
                "nodeType": "host",
                "props": Object {
                  "className": "fas fa-couch",
                  "style": Object {
                    "color": "red",
                    "fontSize": "20px",
                  },
                },
                "ref": null,
                "rendered": null,
                "type": "i",
              },
              "type": "button",
            },
            Object {
              "instance": null,
              "key": undefined,
              "nodeType": "host",
              "props": Object {
                "children": "Booked",
              },
              "ref": null,
              "rendered": "Booked",
              "type": "label",
            },
          ],
          "type": "div",
        },
        Object {
          "instance": null,
          "key": undefined,
          "nodeType": "host",
          "props": Object {
            "className": "w-100",
          },
          "ref": null,
          "rendered": null,
          "type": "div",
        },
        Object {
          "instance": null,
          "key": undefined,
          "nodeType": "host",
          "props": Object {
            "children": Array [
              <button
                className="btn btn-link"
                disabled={true}
>
                <i
                                className="fas fa-couch"
                                style={
                                                Object {
                                                                "color": "blue",
                                                                "fontSize": "20px",
                                                                "marginLeft": "-10px",
                                                              }
                                }
                />
</button>,
              <label>
                WheelChair
</label>,
            ],
            "className": "col",
            "style": Object {
              "display": "none",
            },
          },
          "ref": null,
          "rendered": Array [
            Object {
              "instance": null,
              "key": undefined,
              "nodeType": "host",
              "props": Object {
                "children": <i
                  className="fas fa-couch"
                  style={
                                    Object {
                                                      "color": "blue",
                                                      "fontSize": "20px",
                                                      "marginLeft": "-10px",
                                                    }
                  }
/>,
                "className": "btn btn-link",
                "disabled": true,
              },
              "ref": null,
              "rendered": Object {
                "instance": null,
                "key": undefined,
                "nodeType": "host",
                "props": Object {
                  "className": "fas fa-couch",
                  "style": Object {
                    "color": "blue",
                    "fontSize": "20px",
                    "marginLeft": "-10px",
                  },
                },
                "ref": null,
                "rendered": null,
                "type": "i",
              },
              "type": "button",
            },
            Object {
              "instance": null,
              "key": undefined,
              "nodeType": "host",
              "props": Object {
                "children": "WheelChair",
              },
              "ref": null,
              "rendered": "WheelChair",
              "type": "label",
            },
          ],
          "type": "div",
        },
        Object {
          "instance": null,
          "key": undefined,
          "nodeType": "host",
          "props": Object {
            "children": Array [
              <button
                className="btn btn-link"
                disabled={true}
>
                <i
                                className="fas fa-couch"
                                style={
                                                Object {
                                                                "color": "orange",
                                                                "fontSize": "20px",
                                                              }
                                }
                />
</button>,
              <label>
                Infant
</label>,
            ],
            "className": "col",
            "style": Object {
              "display": "none",
            },
          },
          "ref": null,
          "rendered": Array [
            Object {
              "instance": null,
              "key": undefined,
              "nodeType": "host",
              "props": Object {
                "children": <i
                  className="fas fa-couch"
                  style={
                                    Object {
                                                      "color": "orange",
                                                      "fontSize": "20px",
                                                    }
                  }
/>,
                "className": "btn btn-link",
                "disabled": true,
              },
              "ref": null,
              "rendered": Object {
                "instance": null,
                "key": undefined,
                "nodeType": "host",
                "props": Object {
                  "className": "fas fa-couch",
                  "style": Object {
                    "color": "orange",
                    "fontSize": "20px",
                  },
                },
                "ref": null,
                "rendered": null,
                "type": "i",
              },
              "type": "button",
            },
            Object {
              "instance": null,
              "key": undefined,
              "nodeType": "host",
              "props": Object {
                "children": "Infant",
              },
              "ref": null,
              "rendered": "Infant",
              "type": "label",
            },
          ],
          "type": "div",
        },
        Object {
          "instance": null,
          "key": undefined,
          "nodeType": "host",
          "props": Object {
            "children": Array [
              <button
                className="btn btn-link"
                disabled={true}
>
                <i
                                className="fas fa-couch"
                                style={
                                                Object {
                                                                "color": "brown",
                                                                "fontSize": "20px",
                                                              }
                                }
                />
</button>,
              <label>
                Meals
</label>,
            ],
            "className": "col",
            "style": Object {
              "display": "",
            },
          },
          "ref": null,
          "rendered": Array [
            Object {
              "instance": null,
              "key": undefined,
              "nodeType": "host",
              "props": Object {
                "children": <i
                  className="fas fa-couch"
                  style={
                                    Object {
                                                      "color": "brown",
                                                      "fontSize": "20px",
                                                    }
                  }
/>,
                "className": "btn btn-link",
                "disabled": true,
              },
              "ref": null,
              "rendered": Object {
                "instance": null,
                "key": undefined,
                "nodeType": "host",
                "props": Object {
                  "className": "fas fa-couch",
                  "style": Object {
                    "color": "brown",
                    "fontSize": "20px",
                  },
                },
                "ref": null,
                "rendered": null,
                "type": "i",
              },
              "type": "button",
            },
            Object {
              "instance": null,
              "key": undefined,
              "nodeType": "host",
              "props": Object {
                "children": "Meals",
              },
              "ref": null,
              "rendered": "Meals",
              "type": "label",
            },
          ],
          "type": "div",
        },
      ],
      "type": "div",
    },
  ],
  Symbol(enzyme.__options__): Object {
    "adapter": ReactSixteenAdapter {
      "options": Object {
        "enableComponentDidUpdateOnSetState": true,
        "legacyContextMode": "parent",
        "lifecycles": Object {
          "componentDidUpdate": Object {
            "onSetState": true,
          },
          "getChildContext": Object {
            "calledByRenderer": false,
          },
          "getDerivedStateFromError": true,
          "getDerivedStateFromProps": Object {
            "hasShouldComponentUpdateBug": false,
          },
          "getSnapshotBeforeUpdate": true,
          "setState": Object {
            "skipsComponentDidUpdateOnNullish": true,
          },
        },
      },
    },
    Symbol(enzyme.__providerValues__): undefined,
  },
  Symbol(enzyme.__providerValues__): Map {},
}
`;
